
> frontend@0.1.0 build
> prisma generate && next build

Environment variables loaded from .env
Prisma schema loaded from prisma\schema.prisma

Ô£ö Generated Prisma Client (v5.22.0) to .\..\node_modules\@prisma\client in 363ms

Start by importing your Prisma Client (See: https://pris.ly/d/importing-client)

Tip: Interested in query caching in just a few lines of code? Try Accelerate today! https://pris.ly/tip-3-accelerate

node.exe : ÔöîÔöÇÔöÇÔ
öÇÔöÇÔöÇÔöÇÔöÇÔöÇÔöÇÔ
öÇÔöÇÔöÇÔöÇÔöÇÔöÇÔöÇÔ
öÇÔöÇÔöÇÔöÇÔöÇÔöÇÔöÇÔ
öÇÔöÇÔöÇÔöÇÔöÇÔöÇÔöÇÔ
öÇÔöÇÔöÇÔöÇÔöÇÔöÇÔöÇÔ
öÇÔöÇÔöÇÔöÇÔöÇÔöÇÔöÇÔ
öÇÔöÇÔöÇÔöÇÔöÇÔöÇÔöÇÔ
öÇÔöÇÔöÇÔöÇÔöÇÔöÇÔöÉ
At line:1 char:1
+ & "C:\Program Files
\nodejs/node.exe" 
"C:\Program 
Files\nodejs/node_mo 
...
+ ~~~~~~~~~~~~~~~~~~~
~~~~~~~~~~~~~~~~~~~~~
~~~~~~~~~~~~~~~~~~~~~
~~~~~~~~
    + CategoryInfo   
           : NotSpe  
  cified: (ÔöîÔöÇÔ   
 öÇÔöÇÔöÇ...ÔöÇÔö    
ÇÔöÇÔöÇÔöÉ:Strin    
g) [], RemoteExc    
eption
    + FullyQualified 
   ErrorId : Native  
  CommandError
 
Ôöé  Update 
available 5.22.0 -> 
7.4.0                
       Ôöé
Ôöé                  
                     
                  Ôöé
Ôöé  This is a major 
update - please 
follow the guide at  
  Ôöé
Ôöé  https://pris.ly/
d/major-version-upgra
de                Ôöé
Ôöé                  
                     
                  Ôöé
Ôöé  Run the 
following to update  
                     
     Ôöé
Ôöé    npm i 
--save-dev 
prisma@latest        
               Ôöé
Ôöé    npm i @prisma/
client@latest        
                  Ôöé
ÔööÔöÇÔöÇÔöÇÔöÇÔöÇÔöÇ
ÔöÇÔöÇÔöÇÔöÇÔöÇÔöÇÔöÇ
ÔöÇÔöÇÔöÇÔöÇÔöÇÔöÇÔöÇ
ÔöÇÔöÇÔöÇÔöÇÔöÇÔöÇÔöÇ
ÔöÇÔöÇÔöÇÔöÇÔöÇÔöÇÔöÇ
ÔöÇÔöÇÔöÇÔöÇÔöÇÔöÇÔöÇ
ÔöÇÔöÇÔöÇÔöÇÔöÇÔöÇÔöÇ
ÔöÇÔöÇÔöÇÔöÇÔöÇÔöÇÔöÇ
ÔöÇÔöÇÔöÿ
   Ôû▓ Next.js 15.5.9
   - Environments: .env

   Creating an optimized production build ...
Failed to compile.

./app/consultation/[i
d]/page.js
Module parse failed: 
Identifier 
'useParams' has 
already been 
declared (4:9)
File was processed 
with these loaders:
 * ../node_modules/ne
xt/dist/build/webpack
/loaders/next-flight-
client-module-loader.
js
 * ../node_modules/ne
xt/dist/build/webpack
/loaders/next-swc-loa
der.js
You may need an 
additional loader to 
handle the result of 
these loaders.
| import React, { 
useEffect, useState 
} from 'react';
| import { 
useParams, useRouter 
} from 
'next/navigation';
> import { 
useParams, useRouter 
} from 
'next/navigation';
| // import 
VideoConsultation 
from '@/components/Vi
deoConsultation'; // 
Decommissioned
| import { useAuth } 
from '@/components/Au
thProvider';

Import trace for 
requested module:
./app/consultation/[i
d]/page.js

./components/Communic
ationHub.js
Error:   [31mx[0m 
Expression expected
     ,-[[36;1;4mC:\U
sers\kfryt\.gemini\an
tigravity\scratch\dr_
kals_virtual_hospital
\frontend\components\
CommunicationHub.js[
0m:372:1]
 [2m369[0m |       
  </Card>
 [2m370[0m |     );
 [2m371[0m | }
 [2m372[0m |       
  </Card >
     : [35;1m       
 ^[0m
 [2m373[0m |     );
 [2m374[0m | }
     `----
  [31mx[0m 
Unterminated regexp 
literal
     ,-[[36;1;4mC:\U
sers\kfryt\.gemini\an
tigravity\scratch\dr_
kals_virtual_hospital
\frontend\components\
CommunicationHub.js[
0m:372:1]
 [2m369[0m |       
  </Card>
 [2m370[0m |     );
 [2m371[0m | }
 [2m372[0m |       
  </Card >
     : [35;1m       
  ^^^^^^^[0m
 [2m373[0m |     );
 [2m374[0m | }
     `----
  [31mx[0m 
Expression expected
     ,-[[36;1;4mC:\U
sers\kfryt\.gemini\an
tigravity\scratch\dr_
kals_virtual_hospital
\frontend\components\
CommunicationHub.js[
0m:372:1]
 [2m369[0m |       
  </Card>
 [2m370[0m |     );
 [2m371[0m | }
 [2m372[0m |       
  </Card >
     : [35;1m       
   ^^^^^^[0m
 [2m373[0m |     );
 [2m374[0m | }
     `----

Caused by:
    Syntax Error

Import trace for 
requested module:
./components/Communic
ationHub.js
./components/AdminDas
hboard.js
./app/dashboard/page.
js

./components/Notifica
tionManager.js
Module parse failed: 
Identifier 'Phone' 
has already been 
declared (7:9)
File was processed 
with these loaders:
 * ../node_modules/ne
xt/dist/build/webpack
/loaders/next-flight-
client-module-loader.
js
 * ../node_modules/ne
xt/dist/build/webpack
/loaders/next-swc-loa
der.js
You may need an 
additional loader to 
handle the result of 
these loaders.
| import Toast from 
'./Toast';
| import { Phone, 
PhoneOff, Video } 
from "__barrel_optimi
ze__?names=Phone,Phon
eOff,Video!=!lucide-r
eact";
> import { Phone, 
PhoneOff, Video } 
from "__barrel_optimi
ze__?names=Phone,Phon
eOff,Video!=!lucide-r
eact";
| // import 
VideoConsultation 
from './VideoConsulta
tion'; // Removed
| export default 
function Notification
Manager() {

Import trace for 
requested module:
./components/Notifica
tionManager.js

./components/Professi
onalDashboard.js
Module parse failed: 
Identifier 
'ProfileModal' has 
already been 
declared (36:7)
File was processed 
with these loaders:
 * ../node_modules/ne
xt/dist/build/webpack
/loaders/next-flight-
client-module-loader.
js
 * ../node_modules/ne
xt/dist/build/webpack
/loaders/next-swc-loa
der.js
You may need an 
additional loader to 
handle the result of 
these loaders.
| import 
WhatsAppButton from 
'./WhatsAppButton';
| import 
ProfileModal from 
'./ProfileModal';
> import 
ProfileModal from 
'./ProfileModal';
| import 
VideoMethodModal 
from 
'./VideoMethodModal';
| import { 
VideoCallService, 
VIDEO_METHODS } from 
'@/lib/videoService';

Import trace for 
requested module:
./components/Professi
onalDashboard.js
./app/dashboard/page.
js


> Build failed 
because of webpack 
errors
npm error Lifecycle 
script `build` 
failed with error:
npm error code 1
npm error path C:\Use
rs\kfryt\.gemini\anti
gravity\scratch\dr_ka
ls_virtual_hospital\f
rontend
npm error workspace 
frontend@0.1.0
npm error location C:
\Users\kfryt\.gemini\
antigravity\scratch\d
r_kals_virtual_hospit
al\frontend
npm error command 
failed
npm error command C:\
WINDOWS\system32\cmd.
exe /d /s /c prisma 
generate && next 
build
