
> dr-kals-virtual-hospital@0.1.0 build
> next build

   Ôû▓ Next.js 15.5.9
   - Environments: .env

   Creating an optimized production build ...
node.exe :  ÔÜá 
Compiled with 
warnings in 6.0s
At line:1 char:1
+ & "C:\Program Files
\nodejs/node.exe" 
"C:\Program 
Files\nodejs/node_mo 
...
+ ~~~~~~~~~~~~~~~~~~~
~~~~~~~~~~~~~~~~~~~~~
~~~~~~~~~~~~~~~~~~~~~
~~~~~~~~
    + CategoryInfo   
           : NotSpe  
  cified: ( ÔÜá Co   
 mpiled with warn    
ings in 6.0s:Str    
ing) [], RemoteE    
xception
    + FullyQualified 
   ErrorId : Native  
  CommandError
 

./app/api/appointment
s/route.js
Attempted import 
error: 'notificationS
ervice' is not 
exported from '@/lib/
notifications' 
(imported as 'notific
ationService').

Import trace for 
requested module:
./app/api/appointment
s/route.js

 Ô£ô Compiled successfully in 8.4s
   Linting and checking validity of types ...

Failed to compile.

./app/api/messages/ro
ute.js
115:30  Error: 
'request' is defined 
but never used.  @typ
escript-eslint/no-unu
sed-vars

./app/api/patients/ro
ute.js
85:21  Error: 'appoin
tmentsAsPatient' is 
assigned a value but 
never used.  @typescr
ipt-eslint/no-unused-
vars

./app/api/uploads/rou
te.js
22:18  Error: 'e' is 
defined but never 
used.  @typescript-es
lint/no-unused-vars

./app/consultation/[i
d]/page.js
2:17  Error: 
'useEffect' is 
defined but never 
used.  @typescript-es
lint/no-unused-vars
2:28  Error: 
'useState' is 
defined but never 
used.  @typescript-es
lint/no-unused-vars

./app/login/page.js
57:27  Error: `'` 
can be escaped with 
`&apos;`, `&lsquo;`, 
`&#39;`, `&rsquo;`.  
react/no-unescaped-en
tities

./app/services/page.j
s
90:34  Error: `'` 
can be escaped with 
`&apos;`, `&lsquo;`, 
`&#39;`, `&rsquo;`.  
react/no-unescaped-en
tities
90:82  Error: `'` 
can be escaped with 
`&apos;`, `&lsquo;`, 
`&#39;`, `&rsquo;`.  
react/no-unescaped-en
tities

./app/verify-email/pa
ge.js
5:10  Error: 
'getGlobalData' is 
defined but never 
used.  @typescript-es
lint/no-unused-vars
5:25  Error: 'KEYS' 
is defined but never 
used.  @typescript-es
lint/no-unused-vars
9:11  Error: 
'router' is assigned 
a value but never 
used.  @typescript-es
lint/no-unused-vars
11:11  Error: 'type' 
is assigned a value 
but never used.  @typ
escript-eslint/no-unu
sed-vars
36:23  Error: `'` 
can be escaped with 
`&apos;`, `&lsquo;`, 
`&#39;`, `&rsquo;`.  
react/no-unescaped-en
tities

./components/AdBanner
.js
3:8  Error: 'Link' 
is defined but never 
used.  @typescript-es
lint/no-unused-vars
160:13  Warning: 
Using `<img>` could 
result in slower LCP 
and higher 
bandwidth. Consider 
using `<Image />` 
from `next/image` or 
a custom image 
loader to 
automatically 
optimize images. 
This may incur 
additional usage or 
cost from your 
provider. See: https:
//nextjs.org/docs/mes
sages/no-img-element 
 @next/next/no-img-el
ement

./components/AdminDas
hboard.js
3:10  Error: 
'PROFESSIONALS_DATA' 
is defined but never 
used.  @typescript-es
lint/no-unused-vars
11:7  Error: 
'colors' is assigned 
a value but never 
used.  @typescript-es
lint/no-unused-vars
166:18  Error: 'e' 
is defined but never 
used.  @typescript-es
lint/no-unused-vars
1026:68  Warning: 
Using `<img>` could 
result in slower LCP 
and higher 
bandwidth. Consider 
using `<Image />` 
from `next/image` or 
a custom image 
loader to 
automatically 
optimize images. 
This may incur 
additional usage or 
cost from your 
provider. See: https:
//nextjs.org/docs/mes
sages/no-img-element 
 @next/next/no-img-el
ement
1239:50  Error: 'e' 
is defined but never 
used.  @typescript-es
lint/no-unused-vars
1352:46  Error: 
'err' is defined but 
never used.  @typescr
ipt-eslint/no-unused-
vars
1486:113  Error: `'` 
can be escaped with 
`&apos;`, `&lsquo;`, 
`&#39;`, `&rsquo;`.  
react/no-unescaped-en
tities
1560:58  Error: 'e' 
is defined but never 
used.  @typescript-es
lint/no-unused-vars

./components/BillingI
nvoiceModal.js
7:31  Error: React 
Hook "useState" is 
called 
conditionally. React 
Hooks must be called 
in the exact same 
order in every 
component render. 
Did you accidentally 
call a React Hook 
after an early 
return?  react-hooks/
rules-of-hooks
8:25  Error: React 
Hook "useState" is 
called 
conditionally. React 
Hooks must be called 
in the exact same 
order in every 
component render. 
Did you accidentally 
call a React Hook 
after an early 
return?  react-hooks/
rules-of-hooks
9:20  Error: React 
Hook "useState" is 
called 
conditionally. React 
Hooks must be called 
in the exact same 
order in every 
component render. 
Did you accidentally 
call a React Hook 
after an early 
return?  react-hooks/
rules-of-hooks
11:5  Error: React 
Hook "useEffect" is 
called 
conditionally. React 
Hooks must be called 
in the exact same 
order in every 
component render. 
Did you accidentally 
call a React Hook 
after an early 
return?  react-hooks/
rules-of-hooks

./components/Calendar
View.js
8:60  Error: 
'userRole' is 
defined but never 
used.  @typescript-es
lint/no-unused-vars

./components/Collabor
ationTab.js
69:8  Warning: React 
Hook useEffect has a 
missing dependency: '
updateCareTeamFromMes
sage'. Either 
include it or remove 
the dependency 
array.  react-hooks/e
xhaustive-deps
264:21  Warning: 
Using `<img>` could 
result in slower LCP 
and higher 
bandwidth. Consider 
using `<Image />` 
from `next/image` or 
a custom image 
loader to 
automatically 
optimize images. 
This may incur 
additional usage or 
cost from your 
provider. See: https:
//nextjs.org/docs/mes
sages/no-img-element 
 @next/next/no-img-el
ement

./components/Communic
ationHub.js
5:8  Error: 'Input' 
is defined but never 
used.  @typescript-es
lint/no-unused-vars
7:8  Error: 
'WhatsAppButton' is 
defined but never 
used.  @typescript-es
lint/no-unused-vars
16:5  Error: 
'onPatientSelect' is 
defined but never 
used.  @typescript-es
lint/no-unused-vars
80:8  Warning: React 
Hook useEffect has a 
missing dependency: 
'fetchMessages'. 
Either include it or 
remove the 
dependency array.  re
act-hooks/exhaustive-
deps

./components/Dictatio
nRecorder.tsx
1:27  Error: 
'useEffect' is 
defined but never 
used.  @typescript-es
lint/no-unused-vars
10:53  Error: 
'placeholder' is 
assigned a value but 
never used.  @typescr
ipt-eslint/no-unused-
vars
10:95  Error: 
'label' is assigned 
a value but never 
used.  @typescript-es
lint/no-unused-vars

./components/Dieticia
nDashboard.js
2:20  Error: 
'useEffect' is 
defined but never 
used.  @typescript-es
lint/no-unused-vars
6:26  Error: 
'CLINICAL_ALERTS' is 
defined but never 
used.  @typescript-es
lint/no-unused-vars
9:8  Error: 'PatientA
utofillInputs' is 
defined but never 
used.  @typescript-es
lint/no-unused-vars
98:12  Error: 'select
edPatientName' is 
assigned a value but 
never used.  @typescr
ipt-eslint/no-unused-
vars
98:33  Error: 'setSel
ectedPatientName' is 
assigned a value but 
never used.  @typescr
ipt-eslint/no-unused-
vars
102:12  Error: 
'toast' is assigned 
a value but never 
used.  @typescript-es
lint/no-unused-vars
102:19  Error: 
'setToast' is 
assigned a value but 
never used.  @typescr
ipt-eslint/no-unused-
vars
103:12  Error: 
'messages' is 
assigned a value but 
never used.  @typescr
ipt-eslint/no-unused-
vars
103:22  Error: 
'setMessages' is 
assigned a value but 
never used.  @typescr
ipt-eslint/no-unused-
vars
167:29  Warning: 
Using `<img>` could 
result in slower LCP 
and higher 
bandwidth. Consider 
using `<Image />` 
from `next/image` or 
a custom image 
loader to 
automatically 
optimize images. 
This may incur 
additional usage or 
cost from your 
provider. See: https:
//nextjs.org/docs/mes
sages/no-img-element 
 @next/next/no-img-el
ement
373:104  Error: `"` 
can be escaped with 
`&quot;`, `&ldquo;`, 
`&#34;`, `&rdquo;`.  
react/no-unescaped-en
tities
373:116  Error: `"` 
can be escaped with 
`&quot;`, `&ldquo;`, 
`&#34;`, `&rdquo;`.  
react/no-unescaped-en
tities
391:133  Error: `'` 
can be escaped with 
`&apos;`, `&lsquo;`, 
`&#39;`, `&rsquo;`.  
react/no-unescaped-en
tities

./components/EmailCom
poserModal.js
42:18  Error: 'err' 
is defined but never 
used.  @typescript-es
lint/no-unused-vars

./components/Engageme
ntTab.js
19:8  Warning: React 
Hook useEffect has a 
missing dependency: 
'fetchMessages'. 
Either include it or 
remove the 
dependency array.  re
act-hooks/exhaustive-
deps

./components/ErrorBou
ndary.js
40:76  Error: `'` 
can be escaped with 
`&apos;`, `&lsquo;`, 
`&#39;`, `&rsquo;`.  
react/no-unescaped-en
tities

./components/Navbar.j
s
22:21  Warning: 
Using `<img>` could 
result in slower LCP 
and higher 
bandwidth. Consider 
using `<Image />` 
from `next/image` or 
a custom image 
loader to 
automatically 
optimize images. 
This may incur 
additional usage or 
cost from your 
provider. See: https:
//nextjs.org/docs/mes
sages/no-img-element 
 @next/next/no-img-el
ement
23:33  Error: `'` 
can be escaped with 
`&apos;`, `&lsquo;`, 
`&#39;`, `&rsquo;`.  
react/no-unescaped-en
tities

./components/NewsFeed
.js
62:25  Warning: 
Using `<img>` could 
result in slower LCP 
and higher 
bandwidth. Consider 
using `<Image />` 
from `next/image` or 
a custom image 
loader to 
automatically 
optimize images. 
This may incur 
additional usage or 
cost from your 
provider. See: https:
//nextjs.org/docs/mes
sages/no-img-element 
 @next/next/no-img-el
ement

./components/NurseDas
hboard.js
3:28  Error: 'updateP
atientVitals' is 
defined but never 
used.  @typescript-es
lint/no-unused-vars
3:49  Error: 
'sendGlobalMessage' 
is defined but never 
used.  @typescript-es
lint/no-unused-vars
11:26  Error: 
'CLINICAL_ALERTS' is 
defined but never 
used.  @typescript-es
lint/no-unused-vars
18:8  Error: 'Patient
AutofillInputs' is 
defined but never 
used.  @typescript-es
lint/no-unused-vars
144:11  Error: 
'router' is assigned 
a value but never 
used.  @typescript-es
lint/no-unused-vars
152:12  Error: 'selec
tedPatientName' is 
assigned a value but 
never used.  @typescr
ipt-eslint/no-unused-
vars
152:33  Error: 'setSe
lectedPatientName' 
is assigned a value 
but never used.  @typ
escript-eslint/no-unu
sed-vars
206:12  Error: 
'chatMessage' is 
assigned a value but 
never used.  @typescr
ipt-eslint/no-unused-
vars
206:25  Error: 
'setChatMessage' is 
assigned a value but 
never used.  @typescr
ipt-eslint/no-unused-
vars
211:12  Error: 
'messages' is 
assigned a value but 
never used.  @typescr
ipt-eslint/no-unused-
vars
212:12  Error: 
'loadingMessages' is 
assigned a value but 
never used.  @typescr
ipt-eslint/no-unused-
vars
268:11  Error: 
'globalVitals' is 
assigned a value but 
never used.  @typescr
ipt-eslint/no-unused-
vars
319:8  Warning: 
React Hook useEffect 
has a missing 
dependency: 
'fetchMessages'. 
Either include it or 
remove the 
dependency array.  re
act-hooks/exhaustive-
deps
434:29  Warning: 
Using `<img>` could 
result in slower LCP 
and higher 
bandwidth. Consider 
using `<Image />` 
from `next/image` or 
a custom image 
loader to 
automatically 
optimize images. 
This may incur 
additional usage or 
cost from your 
provider. See: https:
//nextjs.org/docs/mes
sages/no-img-element 
 @next/next/no-img-el
ement
978:90  Error: `"` 
can be escaped with 
`&quot;`, `&ldquo;`, 
`&#34;`, `&rdquo;`.  
react/no-unescaped-en
tities
978:104  Error: `"` 
can be escaped with 
`&quot;`, `&ldquo;`, 
`&#34;`, `&rdquo;`.  
react/no-unescaped-en
tities

./components/PatientD
ashboard.js
5:8  Error: 
'WhatsAppButton' is 
defined but never 
used.  @typescript-es
lint/no-unused-vars
30:12  Error: 
'paymentMode' is 
assigned a value but 
never used.  @typescr
ipt-eslint/no-unused-
vars
30:25  Error: 
'setPaymentMode' is 
assigned a value but 
never used.  @typescr
ipt-eslint/no-unused-
vars
38:33  Error: A 
`require()` style 
import is forbidden. 
 @typescript-eslint/n
o-require-imports
58:12  Error: 'loadin
gAppointments' is 
assigned a value but 
never used.  @typescr
ipt-eslint/no-unused-
vars
255:8  Warning: 
React Hook useEffect 
has a missing 
dependency: 
'fetchProfile'. 
Either include it or 
remove the 
dependency array.  re
act-hooks/exhaustive-
deps
390:17  Warning: 
Using `<img>` could 
result in slower LCP 
and higher 
bandwidth. Consider 
using `<Image />` 
from `next/image` or 
a custom image 
loader to 
automatically 
optimize images. 
This may incur 
additional usage or 
cost from your 
provider. See: https:
//nextjs.org/docs/mes
sages/no-img-element 
 @next/next/no-img-el
ement
391:49  Error: `'` 
can be escaped with 
`&apos;`, `&lsquo;`, 
`&#39;`, `&rsquo;`.  
react/no-unescaped-en
tities
632:73  Warning: 
Using `<img>` could 
result in slower LCP 
and higher 
bandwidth. Consider 
using `<Image />` 
from `next/image` or 
a custom image 
loader to 
automatically 
optimize images. 
This may incur 
additional usage or 
cost from your 
provider. See: https:
//nextjs.org/docs/mes
sages/no-img-element 
 @next/next/no-img-el
ement
670:49  Warning: 
Using `<img>` could 
result in slower LCP 
and higher 
bandwidth. Consider 
using `<Image />` 
from `next/image` or 
a custom image 
loader to 
automatically 
optimize images. 
This may incur 
additional usage or 
cost from your 
provider. See: https:
//nextjs.org/docs/mes
sages/no-img-element 
 @next/next/no-img-el
ement
696:70  Error: A 
`require()` style 
import is forbidden. 
 @typescript-eslint/n
o-require-imports
697:59  Error: 
'allApps' is 
assigned a value but 
never used.  @typescr
ipt-eslint/no-unused-
vars
1554:42  Error: A 
`require()` style 
import is forbidden. 
 @typescript-eslint/n
o-require-imports
1684:112  Error: A 
`require()` style 
import is forbidden. 
 @typescript-eslint/n
o-require-imports
1768:107  Error: `'` 
can be escaped with 
`&apos;`, `&lsquo;`, 
`&#39;`, `&rsquo;`.  
react/no-unescaped-en
tities
1851:49  Warning: 
Using `<img>` could 
result in slower LCP 
and higher 
bandwidth. Consider 
using `<Image />` 
from `next/image` or 
a custom image 
loader to 
automatically 
optimize images. 
This may incur 
additional usage or 
cost from your 
provider. See: https:
//nextjs.org/docs/mes
sages/no-img-element 
 @next/next/no-img-el
ement
1959:45  Warning: 
Using `<img>` could 
result in slower LCP 
and higher 
bandwidth. Consider 
using `<Image />` 
from `next/image` or 
a custom image 
loader to 
automatically 
optimize images. 
This may incur 
additional usage or 
cost from your 
provider. See: https:
//nextjs.org/docs/mes
sages/no-img-element 
 @next/next/no-img-el
ement

./components/PatientR
ecordFinder.js
235:41  Warning: 
Using `<img>` could 
result in slower LCP 
and higher 
bandwidth. Consider 
using `<Image />` 
from `next/image` or 
a custom image 
loader to 
automatically 
optimize images. 
This may incur 
additional usage or 
cost from your 
provider. See: https:
//nextjs.org/docs/mes
sages/no-img-element 
 @next/next/no-img-el
ement

./components/Paystack
Button.js
54:17  Warning: 
Using `<img>` could 
result in slower LCP 
and higher 
bandwidth. Consider 
using `<Image />` 
from `next/image` or 
a custom image 
loader to 
automatically 
optimize images. 
This may incur 
additional usage or 
cost from your 
provider. See: https:
//nextjs.org/docs/mes
sages/no-img-element 
 @next/next/no-img-el
ement

./components/pharmacy
/PharmacyAI.js
5:5  Error: 
'FileText' is 
defined but never 
used.  @typescript-es
lint/no-unused-vars
5:40  Error: 'pill' 
is defined but never 
used.  @typescript-es
lint/no-unused-vars

./components/pharmacy
/PharmacyCompliance.j
s
4:45  Error: 
'FileText' is 
defined but never 
used.  @typescript-es
lint/no-unused-vars
5:5  Error: 'Trash2' 
is defined but never 
used.  @typescript-es
lint/no-unused-vars
5:13  Error: 
'ClipboardList' is 
defined but never 
used.  @typescript-es
lint/no-unused-vars
9:5  Error: 
'BarChart' is 
defined but never 
used.  @typescript-es
lint/no-unused-vars
9:15  Error: 'Bar' 
is defined but never 
used.  @typescript-es
lint/no-unused-vars

./components/pharmacy
/PharmacyIntegrations
.js
2:27  Error: 
'useEffect' is 
defined but never 
used.  @typescript-es
lint/no-unused-vars
5:5  Error: 
'CheckCircle' is 
defined but never 
used.  @typescript-es
lint/no-unused-vars
5:18  Error: 
'XCircle' is defined 
but never used.  @typ
escript-eslint/no-unu
sed-vars

./components/Pharmacy
Dashboard.js
4:41  Error: 
'CLINICAL_ALERTS' is 
defined but never 
used.  @typescript-es
lint/no-unused-vars
5:31  Error: 
'dispatchSync' is 
defined but never 
used.  @typescript-es
lint/no-unused-vars
11:8  Error: 
'dynamic' is defined 
but never used.  @typ
escript-eslint/no-unu
sed-vars
140:12  Error: 
'selectedPatient' is 
assigned a value but 
never used.  @typescr
ipt-eslint/no-unused-
vars
140:29  Error: 
'setSelectedPatient' 
is assigned a value 
but never used.  @typ
escript-eslint/no-unu
sed-vars
156:12  Error: 
'toast' is assigned 
a value but never 
used.  @typescript-es
lint/no-unused-vars
156:19  Error: 
'setToast' is 
assigned a value but 
never used.  @typescr
ipt-eslint/no-unused-
vars
157:12  Error: 
'messages' is 
assigned a value but 
never used.  @typescr
ipt-eslint/no-unused-
vars
157:22  Error: 
'setMessages' is 
assigned a value but 
never used.  @typescr
ipt-eslint/no-unused-
vars
213:11  Error: 'updat
ePrescriptionStatus' 
is assigned a value 
but never used.  @typ
escript-eslint/no-unu
sed-vars
240:15  Error: 
'newRx' is assigned 
a value but never 
used.  @typescript-es
lint/no-unused-vars
384:29  Warning: 
Using `<img>` could 
result in slower LCP 
and higher 
bandwidth. Consider 
using `<Image />` 
from `next/image` or 
a custom image 
loader to 
automatically 
optimize images. 
This may incur 
additional usage or 
cost from your 
provider. See: https:
//nextjs.org/docs/mes
sages/no-img-element 
 @next/next/no-img-el
ement
883:66  Error: `"` 
can be escaped with 
`&quot;`, `&ldquo;`, 
`&#34;`, `&rdquo;`.  
react/no-unescaped-en
tities
883:95  Error: `"` 
can be escaped with 
`&quot;`, `&ldquo;`, 
`&#34;`, `&rdquo;`.  
react/no-unescaped-en
tities
1018:51  Error: `"` 
can be escaped with 
`&quot;`, `&ldquo;`, 
`&#34;`, `&rdquo;`.  
react/no-unescaped-en
tities
1018:74  Error: `"` 
can be escaped with 
`&quot;`, `&ldquo;`, 
`&#34;`, `&rdquo;`.  
react/no-unescaped-en
tities

./components/Professi
onalDashboard.js
4:8  Error: 'Link' 
is defined but never 
used.  @typescript-es
lint/no-unused-vars
8:5  Error: 
'Calendar' is 
defined but never 
used.  @typescript-es
lint/no-unused-vars
8:15  Error: 'Users' 
is defined but never 
used.  @typescript-es
lint/no-unused-vars
8:22  Error: 
'Activity' is 
defined but never 
used.  @typescript-es
lint/no-unused-vars
8:32  Error: 
'FileText' is 
defined but never 
used.  @typescript-es
lint/no-unused-vars
8:42  Error: 
'MessageSquare' is 
defined but never 
used.  @typescript-es
lint/no-unused-vars
9:5  Error: 'Video' 
is defined but never 
used.  @typescript-es
lint/no-unused-vars
9:12  Error: 
'Settings' is 
defined but never 
used.  @typescript-es
lint/no-unused-vars
9:22  Error: 'Bell' 
is defined but never 
used.  @typescript-es
lint/no-unused-vars
9:28  Error: 
'Search' is defined 
but never used.  @typ
escript-eslint/no-unu
sed-vars
9:36  Error: 'Mic' 
is defined but never 
used.  @typescript-es
lint/no-unused-vars
9:41  Error: 'Plus' 
is defined but never 
used.  @typescript-es
lint/no-unused-vars
16:28  Error: 
'updateAppointment' 
is defined but never 
used.  @typescript-es
lint/no-unused-vars
16:62  Error: 
'performTriage' is 
defined but never 
used.  @typescript-es
lint/no-unused-vars
16:77  Error: 'update
PatientVitals' is 
defined but never 
used.  @typescript-es
lint/no-unused-vars
19:34  Error: 
'useTasks' is 
defined but never 
used.  @typescript-es
lint/no-unused-vars
41:8  Error: 
'VideoConsultation' 
is defined but never 
used.  @typescript-es
lint/no-unused-vars
150:21  Error: 
'recentVitals' is 
assigned a value but 
never used.  @typescr
ipt-eslint/no-unused-
vars
153:12  Error: 'showV
ideoConsultation' is 
assigned a value but 
never used.  @typescr
ipt-eslint/no-unused-
vars
153:35  Error: 'setSh
owVideoConsultation' 
is assigned a value 
but never used.  @typ
escript-eslint/no-unu
sed-vars
209:12  Error: 
'isRecording' is 
assigned a value but 
never used.  @typescr
ipt-eslint/no-unused-
vars
209:25  Error: 
'setIsRecording' is 
assigned a value but 
never used.  @typescr
ipt-eslint/no-unused-
vars
210:12  Error: 
'dictatedNote' is 
assigned a value but 
never used.  @typescr
ipt-eslint/no-unused-
vars
210:26  Error: 
'setDictatedNote' is 
assigned a value but 
never used.  @typescr
ipt-eslint/no-unused-
vars
240:12  Error: 
'messages' is 
assigned a value but 
never used.  @typescr
ipt-eslint/no-unused-
vars
241:12  Error: 
'loadingMessages' is 
assigned a value but 
never used.  @typescr
ipt-eslint/no-unused-
vars
267:8  Warning: 
React Hook useEffect 
has a missing 
dependency: 
'fetchTasks'. Either 
include it or remove 
the dependency 
array.  react-hooks/e
xhaustive-deps
343:47  Error: 
'loadingPatients' is 
assigned a value but 
never used.  @typescr
ipt-eslint/no-unused-
vars
391:8  Warning: 
React Hook useEffect 
has missing 
dependencies: 'fetchP
atientRecords' and 
'selectedPatient'. 
Either include them 
or remove the 
dependency array.  re
act-hooks/exhaustive-
deps
476:5  Error: React 
Hook "useEffect" is 
called 
conditionally. React 
Hooks must be called 
in the exact same 
order in every 
component render. 
Did you accidentally 
call a React Hook 
after an early 
return?  react-hooks/
rules-of-hooks
480:8  Warning: 
React Hook useEffect 
has a missing 
dependency: 
'fetchMessages'. 
Either include it or 
remove the 
dependency array.  re
act-hooks/exhaustive-
deps
553:59  Error: A 
`require()` style 
import is forbidden. 
 @typescript-eslint/n
o-require-imports
693:17  Warning: 
Using `<img>` could 
result in slower LCP 
and higher 
bandwidth. Consider 
using `<Image />` 
from `next/image` or 
a custom image 
loader to 
automatically 
optimize images. 
This may incur 
additional usage or 
cost from your 
provider. See: https:
//nextjs.org/docs/mes
sages/no-img-element 
 @next/next/no-img-el
ement
694:49  Error: `'` 
can be escaped with 
`&apos;`, `&lsquo;`, 
`&#39;`, `&rsquo;`.  
react/no-unescaped-en
tities
775:78  Error: A 
`require()` style 
import is forbidden. 
 @typescript-eslint/n
o-require-imports
1032:86  Error: 'e' 
is defined but never 
used.  @typescript-es
lint/no-unused-vars
1187:62  Error: A 
`require()` style 
import is forbidden. 
 @typescript-eslint/n
o-require-imports
1436:98  Error: `"` 
can be escaped with 
`&quot;`, `&ldquo;`, 
`&#34;`, `&rdquo;`.  
react/no-unescaped-en
tities
1436:108  Error: `'` 
can be escaped with 
`&apos;`, `&lsquo;`, 
`&#39;`, `&rsquo;`.  
react/no-unescaped-en
tities
1436:203  Error: `"` 
can be escaped with 
`&quot;`, `&ldquo;`, 
`&#34;`, `&rdquo;`.  
react/no-unescaped-en
tities
1892:128  Error: `"` 
can be escaped with 
`&quot;`, `&ldquo;`, 
`&#34;`, `&rdquo;`.  
react/no-unescaped-en
tities
1892:143  Error: `"` 
can be escaped with 
`&quot;`, `&ldquo;`, 
`&#34;`, `&rdquo;`.  
react/no-unescaped-en
tities
1907:55  Error: 
'todayStr' is 
assigned a value but 
never used.  @typescr
ipt-eslint/no-unused-
vars
1921:62  Error: 'e' 
is defined but never 
used.  @typescript-es
lint/no-unused-vars
1932:59  Error: 
'hasRecord' is 
assigned a value but 
never used.  @typescr
ipt-eslint/no-unused-
vars
1966:73  Error: `'` 
can be escaped with 
`&apos;`, `&lsquo;`, 
`&#39;`, `&rsquo;`.  
react/no-unescaped-en
tities
2060:136  Error: `"` 
can be escaped with 
`&quot;`, `&ldquo;`, 
`&#34;`, `&rdquo;`.  
react/no-unescaped-en
tities
2060:151  Error: `"` 
can be escaped with 
`&quot;`, `&ldquo;`, 
`&#34;`, `&rdquo;`.  
react/no-unescaped-en
tities

./components/ProfileM
odal.js
121:33  Warning: 
Using `<img>` could 
result in slower LCP 
and higher 
bandwidth. Consider 
using `<Image />` 
from `next/image` or 
a custom image 
loader to 
automatically 
optimize images. 
This may incur 
additional usage or 
cost from your 
provider. See: https:
//nextjs.org/docs/mes
sages/no-img-element 
 @next/next/no-img-el
ement

./components/Psycholo
gistDashboard.js
2:20  Error: 
'useEffect' is 
defined but never 
used.  @typescript-es
lint/no-unused-vars
6:26  Error: 
'CLINICAL_ALERTS' is 
defined but never 
used.  @typescript-es
lint/no-unused-vars
9:8  Error: 'PatientA
utofillInputs' is 
defined but never 
used.  @typescript-es
lint/no-unused-vars
98:12  Error: 'select
edPatientName' is 
assigned a value but 
never used.  @typescr
ipt-eslint/no-unused-
vars
98:33  Error: 'setSel
ectedPatientName' is 
assigned a value but 
never used.  @typescr
ipt-eslint/no-unused-
vars
101:12  Error: 
'toast' is assigned 
a value but never 
used.  @typescript-es
lint/no-unused-vars
101:19  Error: 
'setToast' is 
assigned a value but 
never used.  @typescr
ipt-eslint/no-unused-
vars
102:12  Error: 
'messages' is 
assigned a value but 
never used.  @typescr
ipt-eslint/no-unused-
vars
102:22  Error: 
'setMessages' is 
assigned a value but 
never used.  @typescr
ipt-eslint/no-unused-
vars
164:29  Warning: 
Using `<img>` could 
result in slower LCP 
and higher 
bandwidth. Consider 
using `<Image />` 
from `next/image` or 
a custom image 
loader to 
automatically 
optimize images. 
This may incur 
additional usage or 
cost from your 
provider. See: https:
//nextjs.org/docs/mes
sages/no-img-element 
 @next/next/no-img-el
ement
239:62  Error: A 
`require()` style 
import is forbidden. 
 @typescript-eslint/n
o-require-imports

./components/Sidebar.
tsx
16:35  Error: 'role' 
is defined but never 
used.  @typescript-es
lint/no-unused-vars
31:28  Error: `'` 
can be escaped with 
`&apos;`, `&lsquo;`, 
`&#39;`, `&rsquo;`.  
react/no-unescaped-en
tities

./components/Toast.js
2:17  Error: 
'useState' is 
defined but never 
used.  @typescript-es
lint/no-unused-vars

./components/TopBar.t
sx
38:25  Warning: 
Using `<img>` could 
result in slower LCP 
and higher 
bandwidth. Consider 
using `<Image />` 
from `next/image` or 
a custom image 
loader to 
automatically 
optimize images. 
This may incur 
additional usage or 
cost from your 
provider. See: https:
//nextjs.org/docs/mes
sages/no-img-element 
 @next/next/no-img-el
ement

./components/ui/Butto
n.tsx
8:57  Error: 'size' 
is assigned a value 
but never used.  @typ
escript-eslint/no-unu
sed-vars

./components/ui/Patie
ntAutofillInputs.js
1:17  Error: 
'useState' is 
defined but never 
used.  @typescript-es
lint/no-unused-vars
1:27  Error: 
'useEffect' is 
defined but never 
used.  @typescript-es
lint/no-unused-vars

./components/VideoCon
sultation.js
5:10  Error: 'ROLES' 
is defined but never 
used.  @typescript-es
lint/no-unused-vars
7:8  Error: 'Card' 
is defined but never 
used.  @typescript-es
lint/no-unused-vars
80:8  Warning: React 
Hook useEffect has 
missing 
dependencies: 'create
PeerConnection' and 
'stream'. Either 
include them or 
remove the 
dependency array.  re
act-hooks/exhaustive-
deps

./components/VitalsMo
nitor.tsx
4:53  Error: 'YAxis' 
is defined but never 
used.  @typescript-es
lint/no-unused-vars
6:1  Error: Use 
"@ts-expect-error" 
instead of 
"@ts-ignore", as 
"@ts-ignore" will do 
nothing if the 
following line is 
error-free.  @typescr
ipt-eslint/ban-ts-com
ment
31:43  Error: 
'isLoading' is 
assigned a value but 
never used.  @typescr
ipt-eslint/no-unused-
vars
31:57  Error: React 
Hook "useVitals" is 
called 
conditionally. React 
Hooks must be called 
in the exact same 
order in every 
component render.  re
act-hooks/rules-of-ho
oks
44:48  Error: 
Unexpected any. 
Specify a different 
type.  @typescript-es
lint/no-explicit-any
49:23  Error: 
Unexpected any. 
Specify a different 
type.  @typescript-es
lint/no-explicit-any

./components/WhatsApp
Button.js
23:13  Warning: 
Using `<img>` could 
result in slower LCP 
and higher 
bandwidth. Consider 
using `<Image />` 
from `next/image` or 
a custom image 
loader to 
automatically 
optimize images. 
This may incur 
additional usage or 
cost from your 
provider. See: https:
//nextjs.org/docs/mes
sages/no-img-element 
 @next/next/no-img-el
ement

./lib/ai_logic.ts
19:9  Error: 
'reasons' is never 
reassigned. Use 
'const' instead.  
prefer-const

./lib/crypto.js
54:14  Error: 'e' is 
defined but never 
used.  @typescript-es
lint/no-unused-vars

./lib/global_sync.js
3:10  Error: 
'getSocket' is 
defined but never 
used.  @typescript-es
lint/no-unused-vars
428:15  Error: 
'oldApp' is assigned 
a value but never 
used.  @typescript-es
lint/no-unused-vars

./lib/hooks/useClinic
alData.ts
9:20  Error: 
Unexpected any. 
Specify a different 
type.  @typescript-es
lint/no-explicit-any
24:20  Error: 
Unexpected any. 
Specify a different 
type.  @typescript-es
lint/no-explicit-any
32:20  Error: 
Unexpected any. 
Specify a different 
type.  @typescript-es
lint/no-explicit-any
45:71  Error: 
Unexpected any. 
Specify a different 
type.  @typescript-es
lint/no-explicit-any

./lib/hooks/useGlobal
Sync.js
38:22  Error: 'e' is 
defined but never 
used.  @typescript-es
lint/no-unused-vars

./lib/imap_client.js
1:14  Error: A 
`require()` style 
import is forbidden. 
 @typescript-eslint/n
o-require-imports
2:26  Error: A 
`require()` style 
import is forbidden. 
 @typescript-eslint/n
o-require-imports
4:16  Error: 
'fetchEmails' is 
defined but never 
used.  @typescript-es
lint/no-unused-vars
4:28  Error: 'limit' 
is assigned a value 
but never used.  @typ
escript-eslint/no-unu
sed-vars
35:15  Error: 
'messages' is 
assigned a value but 
never used.  @typescr
ipt-eslint/no-unused-
vars
186:26  Error: 'err' 
is defined but never 
used.  @typescript-es
lint/no-unused-vars

./lib/notifications/i
ndex.js
23:41  Error: 'text' 
is defined but never 
used.  @typescript-es
lint/no-unused-vars
23:47  Error: 'html' 
is defined but never 
used.  @typescript-es
lint/no-unused-vars

info  - Need to 
disable some ESLint 
rules? Learn more 
here: https://nextjs.
org/docs/app/api-refe
rence/config/eslint#d
isabling-rules
